// Jest Snapshot v1, https://goo.gl/fbAQLP

exports[`SwapRouter gas tests #exactInput 0 -> 1 -> 2 1`] = `181649`;

exports[`SwapRouter gas tests #exactInput 0 -> 1 1`] = `111234`;

exports[`SwapRouter gas tests #exactInput 0 -> 1 minimal 1`] = `104691`;

exports[`SwapRouter gas tests #exactInput 0 -> WETH9 1`] = `138049`;

exports[`SwapRouter gas tests #exactInput WETH9 -> 0 1`] = `111401`;

exports[`SwapRouter gas tests #exactInputSingle 0 -> 1 1`] = `110674`;

exports[`SwapRouter gas tests #exactInputSingle 0 -> WETH9 1`] = `137665`;

exports[`SwapRouter gas tests #exactInputSingle WETH9 -> 0 1`] = `110841`;

exports[`SwapRouter gas tests #exactOutput 0 -> 1 -> 2 1`] = `177621`;

exports[`SwapRouter gas tests #exactOutput 0 -> 1 1`] = `115832`;

exports[`SwapRouter gas tests #exactOutput 0 -> WETH9 1`] = `140068`;

exports[`SwapRouter gas tests #exactOutput WETH9 -> 0 1`] = `143044`;

exports[`SwapRouter gas tests #exactOutputSingle 0 -> 1 1`] = `115361`;

exports[`SwapRouter gas tests #exactOutputSingle 0 -> WETH9 1`] = `139779`;

exports[`SwapRouter gas tests #exactOutputSingle WETH9 -> 0 1`] = `142573`;
